G: Node1
FDB: Node1
E: Node1
C: Node1
A: Node1
G: Node2
FDB: Node2
E: Node2
C: Node2
A: Node2

