A NAME: A
A or !A THEN NAME: A
!A NAME: B
A or !A THEN NAME: B
B NAME (1): B
B NAME (2): B

