LENGTH = 3
VALUE C = 10
VALUE C = 11
VALUE C = 12
VALUE Ada = 11
VALUE Ada = 12
VALUE Ada = 13
