CHILDREN OF test.w2: test.w2_child,test.w2_child,
