XGet1 101 102 103
Xget2: 99
XGet2 104
Xget3: 98
XGet3 105
