defining name: 'Spec'
defining name: 'X'
defining name: 'Y'
defining name: 'F1'
defining name: 'F2'
defining name: 'P'
defining name: 'P1'
defining name: 'P2'

