A first child: AB
AB first child: ABC
AD first child: AE
AF first child: AF1
AF1 first child: AF2
AF2 first child: AF3
AF3 first child: AF4
AF4 first child: AF5

