argument of A is M (no child)
argument of AB is N (no child)
argument of ABC is N (child S)

