\ true \ C: test.C 
\ B or B1 or B2: test.B2 
\ B or B1 or B2: test.B1 
\ B or B1 or B2: test.B 
\ B: test.B

