test.wrp:7:17: 'p_defining_name' not found in object of type 'vector'
wrapping errors
