MAIN ITERATION:A
SUB ITERATION:B
MAIN ITERATION:B
SUB ITERATION:C
MAIN ITERATION:C
SUB ITERATION:D
MAIN ITERATION:D
SUB ITERATION:C1
MAIN ITERATION:C1
SUB ITERATION:C2
MAIN ITERATION:C2
SUB ITERATION:D1
MAIN ITERATION:D1
SUB ITERATION:D2
MAIN ITERATION:D2
MAIN ITERATION:B1
MAIN ITERATION:B2

