[3] a .. b input.txt:1:19: L3_A
[2] a .. b input.txt:1:7: L1_A, input.txt:1:19: L3_A
[1] a .. b input.txt:1:7: L1_A, input.txt:1:19: L3_A
[1] a .. b input.txt:1:13: L2_A, input.txt:1:19: L3_A
[3] a .. b input.txt:1:13: L2_A
[2] a .. b input.txt:1:7: L1_A, input.txt:1:13: L2_A
[1] a .. b input.txt:1:7: L1_A, input.txt:1:13: L2_A
[3] a .. b input.txt:1:26: L2_B
[2] a .. b input.txt:1:7: L1_A, input.txt:1:26: L2_B
[1] a .. b input.txt:1:7: L1_A, input.txt:1:26: L2_B
[3] a .. b input.txt:1:39: L2_C
[2] a .. b input.txt:1:33: L1_B, input.txt:1:39: L2_C
[1] a .. b input.txt:1:33: L1_B, input.txt:1:39: L2_C
[3] a .. b input.txt:1:45: L2_D
[2] a .. b input.txt:1:33: L1_B, input.txt:1:45: L2_D
[1] a .. b input.txt:1:33: L1_B, input.txt:1:45: L2_D
[3] a .. b input.txt:1:7: L1_A
[3] a .. b input.txt:1:33: L1_B

