(2) NOT SECOND A
(2) FIRST A
(1) NOT SECOND A
(1) FIRST A
(2) SECOND AB
(2) NOT FIRST AB
(1) SECOND AB
(1) NOT FIRST AB

