CHILDREN FOR A: B
CHILDREN FOR B: NO CHILDREN FOR B

