test.adb:9:18: V2 access object should be out or in out

