NO PARENT: A
AT LEAST ONE PARENT: B
AT LEAST TWO PARENTS: C
AT LEAST ONE PARENT: D
AT LEAST TWO PARENTS: E
AT LEAST TWO PARENTS: F
AT LEAST TWO PARENTS: F1
AT LEAST TWO PARENTS: F2
AT LEAST TWO PARENTS: F3
AT LEAST TWO PARENTS: F4
AT LEAST TWO PARENTS: F5
NO PARENT: G

