A {B} {a, b, c, d} = B, B, b, B
B {a, b, c, d} = , , , 

