CALL TRAVERSED INTO
ENTITY TRAVERSED: YES_1
ENTITY TRAVERSED: YES_2
ENTITY TRAVERSED: YES_3
ENTITY TRAVERSED: YES_4
ENTITY TRAVERSED: YES_5
ENTITY TRAVERSED: YES_6
ENTITY TRAVERSED: YES_7
ENTITY TRAVERSED: YES_8
ENTITY TRAVERSED: YES_9
CALL TRAVERSED ARGS_THEN_OVER
ENTITY TRAVERSED: YES_10
ENTITY TRAVERSED: YES_11
ENTITY TRAVERSED: YES_12
ENTITY TRAVERSED: YES_13
ENTITY TRAVERSED: YES_14
ENTITY TRAVERSED: YES_15
CALL TRAVERSED NESTED_THEN_ARGS_THEN_OVER
ENTITY TRAVERSED: YES_16
ENTITY TRAVERSED: YES_17
ENTITY TRAVERSED: YES_18
ENTITY TRAVERSED: YES_19
ENTITY TRAVERSED: YES_20
ENTITY TRAVERSED: YES_21
CALL TRAVERSED ARGS_THEN_NESTED_THEN_OVER
ENTITY TRAVERSED: YES_DOUBLE_22
ENTITY TRAVERSED: YES_DOUBLE_22
ENTITY TRAVERSED: YES_DOUBLE_23
ENTITY TRAVERSED: YES_DOUBLE_23
ENTITY TRAVERSED: YES_DOUBLE_24
ENTITY TRAVERSED: YES_DOUBLE_24
CALL TRAVERSED ARGS_THEN_INTO
ENTITY TRAVERSED: YES_25
ENTITY TRAVERSED: YES_26
ENTITY TRAVERSED: YES_27
CALL TRAVERSED DEFAULT

