A1:
   B1:
      C1 LEVEL 1
         LEVEL 2
      BACK TO LEVEL 1
      C2 LEVEL 1
         LEVEL 2
      BACK TO LEVEL 1
   B2:
      C3 LEVEL 1
         LEVEL 2
      BACK TO LEVEL 1
A2:
   B3:
      C4 LEVEL 1
         LEVEL 2
      BACK TO LEVEL 1

