A => CHOICE 1
B1 => CHOICE 2
B2 => CHOICE 2
C1 => CHOICE 3
C2 => CHOICE 3
C3 => CHOICE 3
C4 => CHOICE 3
B4 => CHOICE 2
C5 => CHOICE 3
C6 => CHOICE 3
C7 => CHOICE 3
B4 => CHOICE 2
C8 => CHOICE 3

