S1 PARAM 1
S1 PARAM 2
ABC
S3 PARAM 1
S3 PARAM 2
DEF
S4 PARAM 1
S4 C PARAM 2
OVER AND OUT
