A: A
!A: B1
!A: B2
!A: C1
!A: C2
!A: C3
!A: C4
!A: B3
!A: C5
!A: C6
!A: C7
A: A99
!A: B4
!A: C8

