MyEntity: E7, template SubEntity: SubE7
MyEntity: E7
SubEntity: SubE7, parent Entity: A
SubEntity: SubE7
MyEntity: E6, template SubEntity: SubE6
MyEntity: E6
SubEntity: SubE6, parent Entity: A
SubEntity: SubE6
MyEntity: E5, template SubEntity: SubE5
MyEntity: E5
SubEntity: SubE5
MyEntity: E4, template SubEntity: SubE4
MyEntity: E4
SubEntity: SubE4
MyEntity: E3, template SubEntity: SubE3
MyEntity: E3
SubEntity: SubE3
SubEntity: E2, parent Entity: A
SubEntity: E2
MyEntity: E1

