DISPLAYING ROOT
PROCESSING ROOT A
'AB' [1]
W1 PREV OR NEXT OPTION: W2 IS NOT A
W1 SIBLING OPTION: W2 IS NOT A
OPTION FROM ORIGIN: W1 IS NOT A
'W1' [2+]
W2 PREV OR NEXT OPTION: W1 IS NOT A
W2 SIBLING OPTION: W1 IS NOT A
OPTION FROM ORIGIN: W2 IS NOT A
'W2' [2+]
W3 PREV OR NEXT OPTION: W2 IS NOT A
W3 SIBLING OPTION: W2 IS NOT A
OPTION FROM ORIGIN: W3 IS NOT A
'W3' [2+]

