a1 = Temp_local_2, a2 = Temp_local_2, a3 = Temp_local_1
a1 = Temp_global_1, a2 = Temp_local_2, a3 = Temp_3

