TEST 8 (A) => W
TEST 7 (A) => W
TEST 6 (A) => W
TEST 5 (A) => W
TEST 2 (A) => W
TEST 1 (A) => W
TEST 2 (C1) => W
TEST 1 (C1) => W
TEST 8 (A) => X
TEST 6 (A) => X
TEST 2 (A) => X
TEST 1 (A) => X
TEST 2 (C1) => X
TEST 1 (C1) => X
TEST 3 (W) => X
TEST 6 (A) => Y
TEST 5 (A) => Y
TEST 2 (A) => Y
TEST 1 (A) => Y
TEST 2 (C2) => Y
TEST 1 (C2) => Y
TEST 6 (A) => Z
TEST 2 (A) => Z
TEST 1 (A) => Z
TEST 2 (C2) => Z
TEST 1 (C2) => Z
TEST 3 (Y) => Z
TEST 4 (A) => C1
TEST 2 (A) => C1
TEST 1 (A) => C1
TEST 3 (B) => C1
TEST 4 (A) => C2
TEST 2 (A) => C2
TEST 1 (A) => C2
TEST 3 (B) => C2
TEST 3 (C1) => C2
TEST 3 (A) => E
TEST 3 (A) => F
TEST 3 (E) => F
TEST 2 (A) => B
TEST 1 (A) => B
TEST 2 (A) => D
TEST 1 (A) => D
TEST 3 (B) => D
TEST 3 (C1) => D
TEST 3 (C2) => D

