A: NOT FOUND B, NUMBER OR C
A: FOUND A
B: FOUND B
B: NOT FOUND A
C: FOUND C
C: NOT FOUND A
D: NOT FOUND B, NUMBER OR C
D: NOT FOUND A
E: NOT FOUND B, NUMBER OR C
E: NOT FOUND A
F: NOT FOUND B, NUMBER OR C
F: NOT FOUND A
F1: FOUND NUMBER
F1: NOT FOUND A
F2: FOUND NUMBER
F2: NOT FOUND A
F3: FOUND NUMBER
F3: NOT FOUND A
F4: FOUND NUMBER
F4: NOT FOUND A
F5: FOUND NUMBER
F5: NOT FOUND A
G: NOT FOUND B, NUMBER OR C
G: NOT FOUND A

