MATCHES A: A
MATCHES AB: AB
MATCHES AB: ABC
MATCHES A: AD
MATCHES A: AE
MATCHES F: AF
MATCHES NUMBER: AF1
MATCHES F: AF1
MATCHES NUMBER: AF2
MATCHES F: AF2
MATCHES NUMBER: AF3
MATCHES F: AF3
MATCHES NUMBER: AF4
MATCHES F: AF4
MATCHES NUMBER: AF5
MATCHES F: AF5
MATCHES A: AG

