A has child and grandchild of the same name (B, B) 
F has child and grandchild of the same name (G, G) 

