(4) FOUND ENTITY AB
(3) FOUND ENTITY AB
(2) FOUND ENTITY AB
(1) FOUND ENTITY AB
(4) FOUND ENTITY AD
(3) FOUND ENTITY AD
(2) FOUND ENTITY AD
(1) FOUND ENTITY AD

