A has a child of HAS same name (A)
A has a child of IS same name (A)
A has a child of DEFAULT same name (A)
B has a child of HAS same name (C)

