MATCH + WEAVE A
MATCH + NESTED: A
MATCH + PICK + WEAVE A, B
MATCH + PICK + NESTED A, B
MATCH + WEAVE B
MATCH + NESTED: B
MATCH + PICK A
MATCH A
MATCH + PICK B
MATCH B

