VECTOR: B1, B1, B2, B2, B3, B3, B4, B4
SET: B1, B2, B3, B4

